0
0
0
0
0
0
0
0
0
0
0
0
0
0
0
0
0
0
0
0
0
0
0
0
Roots (top modules): mdivider coefCal inputCtrl emb_16_2k ramFifo Cal scaler
Sequential/Tristate device inference:
module/UDP/ent: mdivider
Line(s):3-55 File:
/cygdrive/f/capital_micro/primace7.3/bin/dachuang/final_scaler_v3/outputs/../src/divider_v2.v
==============================================================================
Hardware Name     Inst. Name         Type      Width    Bus Clk MB AS AR SS SR
------------------------------------------------------------------------------
divisor_a         divisor_a__reg    Latch     [16:0]     Y   Y  -  N  N  -  - 
ratio             I1                 Wire     [16:0]     Y   N  -  -  -  -  - 
remainder         I18                Wire     [16:0]     Y   N  -  -  -  -  - 
shift_dividend    shift_dividend__  Latch     [33:0]     Y   Y  -  N  N  -  -  reg                                                         
==============================================================================
Sequential/Tristate device inference:
module/UDP/ent: coefCal
Line(s):10-112 File:
/cygdrive/f/capital_micro/primace7.3/bin/dachuang/final_scaler_v3/outputs/../src/coefcal_v3.v
==============================================================================
Hardware Name     Inst. Name         Type      Width    Bus Clk MB AS AR SS SR
------------------------------------------------------------------------------
frameRate         frameRate__reg      FF       [8:0]     Y   Y  -  N  N  N  N 
inEn              inEn__reg           FF        [-]      N   Y  -  N  N  N  N 
test              test__reg           FF      [32:0]     Y   Y  -  N  N  N  N 
work              work__reg           FF        [-]      N   Y  -  N  N  N  N 
working           working__reg        FF      [32:0]     Y   Y  -  N  N  N  N 
xDividend         xDividend__reg      FF      [16:0]     Y   Y  -  N  N  N  N 
xDivisor          xDivisor__reg       FF      [16:0]     Y   Y  -  N  N  N  N 
yDividend         yDividend__reg      FF      [16:0]     Y   Y  -  N  N  N  N 
yDivisor          yDivisor__reg       FF      [16:0]     Y   Y  -  N  N  N  N 
==============================================================================
Sequential/Tristate device inference:
module/UDP/ent: inputCtrl
Line(s):9-147 File:
/cygdrive/f/capital_micro/primace7.3/bin/dachuang/final_scaler_v3/outputs/../src/inputCtrl.v
==============================================================================
Hardware Name     Inst. Name         Type      Width    Bus Clk MB AS AR SS SR
------------------------------------------------------------------------------
dataOut           dataOut__reg        FF      [23:0]     Y   Y  -  N  Y  N  N 
jmp               jmp__reg            FF        [-]      N   Y  -  N  Y  N  N 
ramWrtAddr        ramWrtAddr__reg     FF      [10:0]     Y   Y  -  Y  N  N  N 
ramWrtEn          ramWrtEn__reg       FF        [-]      N   Y  -  N  Y  N  N 
xAddress          xAddress__reg       FF       [9:0]     Y   Y  -  N  Y  N  N 
xCal              xCal__reg           FF      [15:0]     Y   Y  -  N  Y  N  N 
xPreEn            xPreEn__reg         FF        [-]      N   Y  -  N  Y  N  N 
yAddress          yAddress__reg       FF       [9:0]     Y   Y  -  N  Y  N  N 
yCal              yCal__reg           FF      [15:0]     Y   Y  -  N  Y  N  N 
yPreEn            yPreEn__reg         FF        [-]      N   Y  -  N  Y  N  N 
==============================================================================
Sequential/Tristate device inference:
module/UDP/ent: emb_16_2k
Line(s):14-348 File:
/cygdrive/f/capital_micro/primace7.3/bin/dachuang/final_scaler_v3/outputs/../src/emb_16_2k.v
==============================================================================
Hardware Name     Inst. Name         Type      Width    Bus Clk MB AS AR SS SR
------------------------------------------------------------------------------
aa_reg            aa_reg__reg         FF       [0:0]     Y   Y  -  N  N  N  N 
ab_reg            ab_reg__reg         FF       [0:0]     Y   Y  -  N  N  N  N 
==============================================================================
Sequential/Tristate device inference:
module/UDP/ent: ramFifo
Line(s):9-235 File:
/cygdrive/f/capital_micro/primace7.3/bin/dachuang/final_scaler_v3/outputs/../src/ramFifo.v
==============================================================================
Hardware Name     Inst. Name         Type      Width    Bus Clk MB AS AR SS SR
------------------------------------------------------------------------------
fillCount         I3027              Wire      [2:0]     Y   N  -  -  -  -  - 
ramDataOutA                         Memory [15:0x15:0]0R Y   Y  -  -  -  -  -  0W                            
ramDataOutB                         Memory [15:0x15:0]0R Y   Y  -  -  -  -  -  0W                            
readSelect        I3030              Wire      [3:0]     Y   N  -  -  -  -  - 
writeSelect       I3034              Wire      [3:0]     Y   N  -  -  -  -  - 
==============================================================================
Sequential/Tristate device inference:
module/UDP/ent: Cal
Line(s):11-247 File:
/cygdrive/f/capital_micro/primace7.3/bin/dachuang/final_scaler_v3/outputs/../src/Cal_v1.v
==============================================================================
Hardware Name     Inst. Name         Type      Width    Bus Clk MB AS AR SS SR
------------------------------------------------------------------------------
HS                HS__reg             FF        [-]      N   Y  -  N  Y  N  N 
VSNormal          VSNormal__reg       FF        [-]      N   Y  -  N  Y  N  N 
enforceJmp        enforceJmp__reg     FF        [-]      N   Y  -  N  Y  Y  Y 
jmp1Normal        jmp1Normal__reg     FF        [-]      N   Y  -  N  Y  N  N 
jmp2Normal        jmp2Normal__reg     FF        [-]      N   Y  -  N  Y  N  N 
ramRdAddr         ramRdAddr__reg      FF      [10:0]     Y   Y  -  N  Y  N  Y 
u                 u__reg              FF      [16:0]     Y   Y  -  N  Y  N  Y 
uPreF             uPreF__reg          FF       [5:0]     Y   Y  -  N  Y  N  N 
v                 v__reg              FF      [16:0]     Y   Y  -  N  Y  N  N 
xAddress          xAddress__reg       FF      [10:0]     Y   Y  -  N  Y  N  Y 
yAddress          yAddress__reg       FF      [10:0]     Y   Y  -  Y  N  N  N 
==============================================================================
Conditional statements statistics:
module/arch: Cal
Line:11-247 File:
/cygdrive/f/capital_micro/primace7.3/bin/dachuang/final_scaler_v3/outputs/../src/Cal_v1.v
========================================================================
:           Line Type     With default    Complete   /  Exclusive  IMX :
------------------------------------------------------------------------
:            177 casez         Y            auto     /    auto     -   :
========================================================================
0
Roots (top modules): DELAY_BUF CALIO CFG_DYN_SWITCH CFG_DYN_SWITCH_S3 M7S_DLL
M7S_PLL CRYSTAL M7S_DGPIO DGPIO M7A_DM M7S_EMB5K M7A_JTAG M7A_MAC M7A_SPRAM
M7A_UART OSC M7S_EMB18K M7S_IO_CAL M7S_IO_DDR M7S_IO_DQS M7S_IO_LVDS
M7S_IO_PCISG M7S_IO_VREF GBUF RBUF GBUF_GATE RBUF_GATE M7S_SOC M7S_POR DDR_IO
IBUF OBUF TBUF BIBUF CLKBUF IBUFDS OBUFDS TBUFDS BIBUFDS CLKBUFDS
0
0
cswitch_typical/CS_DPRAM_FIFO_PRIM 
0
0
cswitch_typical/CS_DPRAM_PRIM 
0
0
cswitch_typical/CS_DPRAM_PRIM_DO_A_REG0_DO_B_REG0 
0
0
cswitch_typical/CS_DPRAM_PRIM_DO_A_REG0_DO_B_REG1 
0
0
cswitch_typical/CS_DPRAM_PRIM_DO_A_REG1_DO_B_REG0 
0
0
cswitch_typical/CS_DPRAM_PRIM_DO_A_REG1_DO_B_REG1 
0
0
cswitch_typical/CS_LUT4_PRIM 
0
0
cswitch_typical/CS_MUXL5_PRIM 
0
0
cswitch_typical/CS_MUXCO_PRIM 
0
0
cswitch_typical/CS_XORCI_PRIM 
0
0
cswitch_typical/CS_LAT_PRIM 
0
0
cswitch_typical/CS_IBUF_PRIM 
0
0
cswitch_typical/IBUF 
0
0
cswitch_typical/TBUF 
0
0
cswitch_typical/DCC_BEG 
0
0
cswitch_typical/DCC_END 
0
0
cswitch_typical/DCC_POSTSHUFFLE 
0
0
cswitch_typical/DCC_PRESHUFFLE 
0
0
cswitch_typical/CS_OBUF_PRIM 
0
0
cswitch_typical/CS_IOBUF_PRIM 
0
0
cswitch_typical/CS_DIFFIBUF_PRIM 
0
0
cswitch_typical/CS_DIFFIOBUF_PRIM 
0
0
cswitch_typical/CS_DIFFOBUF_PRIM 
0
0
cswitch_typical/CS_DIFFOBUFT_PRIM 
0
0
cswitch_typical/CS_OBUFT_PRIM 
0
0
cswitch_typical/CS_LRAM64_PRIM 
0
0
0
0
0
0
cswitch_typical/CS_REG_CLK_PRIM 
0
0
cswitch_typical/CS_LATA_CLK_PRIM 
0
0
cswitch_typical/CS_LATA_E_PRIM 
0
0
cswitch_typical/CS_LATA_S_PRIM 
0
0
cswitch_typical/CS_LATA_R_PRIM 
0
0
cswitch_typical/CS_LATA_SE_PRIM 
0
0
cswitch_typical/CS_LATA_RE_PRIM 
0
0
cswitch_typical/CS_LATA_RS_PRIM 
0
0
0
0
0
0
cswitch_typical/LUT_XOR 
0
0
cswitch_typical/LUT_XNOR 
0
0
cswitch_typical/LUT_MUX 
0
0
cswitch_typical/CS_ADDSUB2 
0
0
cswitch_typical/CS_ADDSUB4 
0
0
cswitch_typical/CS_MAC 
0
0
cswitch_typical/CS_MULTIPLIER 
0
0
cswitch_typical/CS_DCC_BEG_PRIM 
0
0
cswitch_typical/CS_DCC_END_PRIM 
0
0
cswitch_typical/CS_DCC_LATENCY_PRIM 
0
0
cswitch_typical/CS_ECC_DECODE_PRIM 
0
0
cswitch_typical/CS_ECC_ENCODE_PRIM 
0
0
cswitch_typical/CS_RXD_DLL_PRIM 
0
0
cswitch_typical/CS_TXC_DLL_PRIM 
0
0
0
0
0
0
0
0
0
0
0
0
cswitch_typical/CS_RAU_PRIM 
0
0
0
0
cswitch_typical/CS_CLKTREE_PRIM 
0
0
0
0
0
0
0
0
0
0
0
0
0
0
0
0
0
0
0
0
0
0
0
0
0
0
cswitch_typical/CS_CBUF_DIV_PRIM 
0
0
cswitch_typical/CS_CBUF_LOCAL_PRIM 
0
0
cswitch_typical/CS_CBUF_PRIM 
0
0
cswitch_typical/CS_CBUF_RST_SYNC_PRIM 
0
0
cswitch_typical/CS_DCC_POSTSHUFFLE_PRIM 
0
0
cswitch_typical/CS_DCC_PRESHUFFLE_PRIM 
0
0
cswitch_typical/CS_GBUF_GLOBAL_PRIM 
0
0
cswitch_typical/CS_GBUF_PRIM 
0
0
cswitch_typical/CS_GBUF_SIMPLE_PRIM 
0
0
cswitch_typical/CS_MPQ_PRIM 
0
0
cswitch_typical/CS_PLL_PRIM 
0
0
cswitch_typical/CS_PP_PRIM 
0
0
cswitch_typical/CS_RCAM_PRIM 
0
0
cswitch_typical/CS_SPRAM_1X_PRIM 
0
0
cswitch_typical/CS_SPRAM_2X_PRIM 
0
0
cswitch_typical/CS_SPRAM_5X_PRIM 
0
0
cswitch_typical/CS_SPRAM_FIFO_1X_PRIM 
0
0
cswitch_typical/CS_SPRAM_FIFO_2X_PRIM 
0
0
cswitch_typical/CS_SPRAM_FIFO_4X_PRIM 
0
0
cswitch_typical/CS_SPRAM_FIFO_5X_PRIM 
0
0
0
0
cswitch_typical/CS_SPRAM_HD_1X_PRIM 
0
0
cswitch_typical/CS_SPRAM_HD_2X_PRIM 
0
0
cswitch_typical/CS_SPRAM_HD_5X_PRIM 
0
0
cswitch_typical/CS_SPRAM_HD_FIFO_1X_PRIM 
0
0
cswitch_typical/CS_SPRAM_HD_FIFO_2X_PRIM 
0
0
cswitch_typical/CS_SPRAM_HD_FIFO_4X_PRIM 
0
0
cswitch_typical/CS_SPRAM_HD_FIFO_5X_PRIM 
0
0
0
0
cswitch_typical/CS_MEMC_PRIM 
0
0
cswitch_typical/CS_MEMC_RX_PUSH_BUF_PRIM 
0
0
cswitch_typical/CS_MEMC_TX_POP_BUF_PRIM 
0
0
0
------------------------- mdivider coefCal inputCtrl emb_16_2k ramFifo Cal
--->scaler DELAY_BUF CALIO CFG_DYN_SWITCH CFG_DYN_SWITCH_S3 M7S_DLL M7S_PLL CRYSTAL M7S_DGPIO DGPIO M7A_DM M7S_EMB5K M7A_JTAG M7A_MAC M7A_SPRAM M7A_UART OSC M7S_EMB18K M7S_IO_CAL M7S_IO_DDR M7S_IO_DQS M7S_IO_LVDS M7S_IO_PCISG M7S_IO_VREF GBUF RBUF GBUF_GATE RBUF_GATE M7S_SOC M7S_POR DDR_IO IBUF OBUF TBUF BIBUF CLKBUF IBUFDS OBUFDS TBUFDS BIBUFDS CLKBUFDS
0
Sequential/Tristate device inference:
module/UDP/ent: coefCal
Line(s):10-112 File:
/cygdrive/f/capital_micro/primace7.3/bin/dachuang/final_scaler_v3/outputs/../src/coefcal_v3.v
==============================================================================
Hardware Name     Inst. Name         Type      Width    Bus Clk MB AS AR SS SR
------------------------------------------------------------------------------
frameRate         frameRate__reg      FF       [8:0]     Y   Y  -  N  N  N  N 
inEn              inEn__reg           FF        [-]      N   Y  -  N  N  N  N 
test              test__reg           FF      [32:0]     Y   Y  -  N  N  N  N 
work              work__reg           FF        [-]      N   Y  -  N  N  N  N 
working           working__reg        FF      [32:0]     Y   Y  -  N  N  N  N 
xDividend         xDividend__reg      FF      [16:0]     Y   Y  -  N  N  N  N 
xDivisor          xDivisor__reg       FF      [16:0]     Y   Y  -  N  N  N  N 
yDividend         yDividend__reg      FF      [16:0]     Y   Y  -  N  N  N  N 
yDivisor          yDivisor__reg       FF      [16:0]     Y   Y  -  N  N  N  N 
==============================================================================
Sequential/Tristate device inference:
module/UDP/ent: inputCtrl
Line(s):9-147 File:
/cygdrive/f/capital_micro/primace7.3/bin/dachuang/final_scaler_v3/outputs/../src/inputCtrl.v
==============================================================================
Hardware Name     Inst. Name         Type      Width    Bus Clk MB AS AR SS SR
------------------------------------------------------------------------------
dataOut           dataOut__reg        FF      [15:0]     Y   Y  -  N  Y  N  N 
jmp               jmp__reg            FF        [-]      N   Y  -  N  Y  N  N 
ramWrtAddr        ramWrtAddr__reg     FF      [10:0]     Y   Y  -  Y  N  N  N 
ramWrtEn          ramWrtEn__reg       FF        [-]      N   Y  -  N  Y  N  N 
xAddress          xAddress__reg       FF      [10:0]     Y   Y  -  N  Y  N  N 
xCal              xCal__reg           FF      [16:0]     Y   Y  -  N  Y  N  N 
xPreEn            xPreEn__reg         FF        [-]      N   Y  -  N  Y  N  N 
yAddress          yAddress__reg       FF      [10:0]     Y   Y  -  N  Y  N  N 
yCal              yCal__reg           FF      [16:0]     Y   Y  -  N  Y  N  N 
yPreEn            yPreEn__reg         FF        [-]      N   Y  -  N  Y  N  N 
==============================================================================
Sequential/Tristate device inference:
module/UDP/ent: ramFifo
Line(s):9-235 File:
/cygdrive/f/capital_micro/primace7.3/bin/dachuang/final_scaler_v3/outputs/../src/ramFifo.v
==============================================================================
Hardware Name     Inst. Name         Type      Width    Bus Clk MB AS AR SS SR
------------------------------------------------------------------------------
fillCount         I1                 Wire      [2:0]     Y   N  -  -  -  -  - 
ramDataOutA                         Memory [15:0x15:0]0R Y   Y  -  -  -  -  -  0W                            
ramDataOutB                         Memory [15:0x15:0]0R Y   Y  -  -  -  -  -  0W                            
readSelect        I4                 Wire      [3:0]     Y   N  -  -  -  -  - 
writeSelect       I8                 Wire      [3:0]     Y   N  -  -  -  -  - 
==============================================================================
Sequential/Tristate device inference:
module/UDP/ent: Cal
Line(s):11-247 File:
/cygdrive/f/capital_micro/primace7.3/bin/dachuang/final_scaler_v3/outputs/../src/Cal_v1.v
==============================================================================
Hardware Name     Inst. Name         Type      Width    Bus Clk MB AS AR SS SR
------------------------------------------------------------------------------
HS                HS__reg             FF        [-]      N   Y  -  N  Y  N  N 
VSNormal          VSNormal__reg       FF        [-]      N   Y  -  N  Y  N  N 
enforceJmp        enforceJmp__reg     FF        [-]      N   Y  -  N  Y  Y  Y 
jmp1Normal        jmp1Normal__reg     FF        [-]      N   Y  -  N  Y  N  N 
jmp2Normal        jmp2Normal__reg     FF        [-]      N   Y  -  N  Y  N  N 
ramRdAddr         ramRdAddr__reg      FF      [10:0]     Y   Y  -  N  Y  N  Y 
u                 u__reg              FF      [16:0]     Y   Y  -  N  Y  N  Y 
uPreF             uPreF__reg          FF       [5:0]     Y   Y  -  N  Y  N  N 
v                 v__reg              FF      [16:0]     Y   Y  -  N  Y  N  N 
xAddress          xAddress__reg       FF      [10:0]     Y   Y  -  N  Y  N  Y 
yAddress          yAddress__reg       FF      [10:0]     Y   Y  -  Y  N  N  N 
==============================================================================
Conditional statements statistics:
module/arch: Cal
Line:11-247 File:
/cygdrive/f/capital_micro/primace7.3/bin/dachuang/final_scaler_v3/outputs/../src/Cal_v1.v
========================================================================
:           Line Type     With default    Complete   /  Exclusive  IMX :
------------------------------------------------------------------------
:            177 casez         Y            auto     /    auto     -   :
========================================================================
0
0
0
0
Beginning Hierarchical Optimization
===================================
 Optimizing Design scaler (1 159)
 Optimizing Design scaler_ipc_sub_block_12_114 (2 159)
 Optimizing Design scaler_ipc_sub_block_12_115 (3 159)
 Optimizing Design scaler_ipc_sub_block_12_116 (4 159)
 Performing Logic Optimization
 Optimizing Design scaler_ipc_sub_block_12_117 (5 159)
 Performing Logic Optimization
 Optimizing Design
Cal_DATA_WIDTH16_ADDRESS_WIDTH11_SCALE_FRAC_WIDTH6_SCALE_INT_WIDTH2_INPUT_RES_WIDTH11_OUTPUT_RES_WIDTH11_ipc_sub_block_7_104
(6 159)
 Optimizing Design
Cal_DATA_WIDTH16_ADDRESS_WIDTH11_SCALE_FRAC_WIDTH6_SCALE_INT_WIDTH2_INPUT_RES_WIDTH11_OUTPUT_RES_WIDTH11_ipc_sub_block_7_105
(7 159)
 Optimizing Design
Cal_DATA_WIDTH16_ADDRESS_WIDTH11_SCALE_FRAC_WIDTH6_SCALE_INT_WIDTH2_INPUT_RES_WIDTH11_OUTPUT_RES_WIDTH11_ipc_sub_block_11_107
(8 159)
 Optimizing Design
Cal_DATA_WIDTH16_ADDRESS_WIDTH11_SCALE_FRAC_WIDTH6_SCALE_INT_WIDTH2_INPUT_RES_WIDTH11_OUTPUT_RES_WIDTH11_ipc_sub_block_11_109
(9 159)
 Performing Logic Optimization
 Optimizing Design
Cal_DATA_WIDTH16_ADDRESS_WIDTH11_SCALE_FRAC_WIDTH6_SCALE_INT_WIDTH2_INPUT_RES_WIDTH11_OUTPUT_RES_WIDTH11_ipc_sub_block_11_111
(10 159)
 Performing Logic Optimization
 Optimizing Design
Cal_DATA_WIDTH16_ADDRESS_WIDTH11_SCALE_FRAC_WIDTH6_SCALE_INT_WIDTH2_INPUT_RES_WIDTH11_OUTPUT_RES_WIDTH11_ipc_sub_block_11_113
(11 159)
 Performing Logic Optimization
 Optimizing Design
Cal_DATA_WIDTH16_ADDRESS_WIDTH11_SCALE_FRAC_WIDTH6_SCALE_INT_WIDTH2_INPUT_RES_WIDTH11_OUTPUT_RES_WIDTH11_ipc_add_block_17_4
(12 159)
 Optimizing Design
Cal_DATA_WIDTH16_ADDRESS_WIDTH11_SCALE_FRAC_WIDTH6_SCALE_INT_WIDTH2_INPUT_RES_WIDTH11_OUTPUT_RES_WIDTH11_ipc_add_block_17_5
(13 159)
 Performing Logic Optimization
 Optimizing Design
Cal_DATA_WIDTH16_ADDRESS_WIDTH11_SCALE_FRAC_WIDTH6_SCALE_INT_WIDTH2_INPUT_RES_WIDTH11_OUTPUT_RES_WIDTH11_ipc_add_block_11_6
(14 159)
 Optimizing Design
Cal_DATA_WIDTH16_ADDRESS_WIDTH11_SCALE_FRAC_WIDTH6_SCALE_INT_WIDTH2_INPUT_RES_WIDTH11_OUTPUT_RES_WIDTH11_ipc_add_block_11_7
(15 159)
 Optimizing Design
Cal_DATA_WIDTH16_ADDRESS_WIDTH11_SCALE_FRAC_WIDTH6_SCALE_INT_WIDTH2_INPUT_RES_WIDTH11_OUTPUT_RES_WIDTH11_ipc_add_block_11_8
(16 159)
 Performing Logic Optimization
 Optimizing Design
Cal_DATA_WIDTH16_ADDRESS_WIDTH11_SCALE_FRAC_WIDTH6_SCALE_INT_WIDTH2_INPUT_RES_WIDTH11_OUTPUT_RES_WIDTH11_ipc_add_block_11_9
(17 159)
 Performing Logic Optimization
 Optimizing Design
Cal_DATA_WIDTH16_ADDRESS_WIDTH11_SCALE_FRAC_WIDTH6_SCALE_INT_WIDTH2_INPUT_RES_WIDTH11_OUTPUT_RES_WIDTH11_ipc_add_block_7_10
(18 159)
 Optimizing Design
Cal_DATA_WIDTH16_ADDRESS_WIDTH11_SCALE_FRAC_WIDTH6_SCALE_INT_WIDTH2_INPUT_RES_WIDTH11_OUTPUT_RES_WIDTH11_ipc_mult_block_6_6_2
(19 159)
 Optimizing Design
Cal_DATA_WIDTH16_ADDRESS_WIDTH11_SCALE_FRAC_WIDTH6_SCALE_INT_WIDTH2_INPUT_RES_WIDTH11_OUTPUT_RES_WIDTH11_ipc_mult_block_7_5_3
(20 159)
 Optimizing Design
Cal_DATA_WIDTH16_ADDRESS_WIDTH11_SCALE_FRAC_WIDTH6_SCALE_INT_WIDTH2_INPUT_RES_WIDTH11_OUTPUT_RES_WIDTH11_ipc_mult_block_6_5_4
(21 159)
 Optimizing Design
Cal_DATA_WIDTH16_ADDRESS_WIDTH11_SCALE_FRAC_WIDTH6_SCALE_INT_WIDTH2_INPUT_RES_WIDTH11_OUTPUT_RES_WIDTH11_ipc_mult_block_6_5_5
(22 159)
 Performing Logic Optimization
 Optimizing Design
Cal_DATA_WIDTH16_ADDRESS_WIDTH11_SCALE_FRAC_WIDTH6_SCALE_INT_WIDTH2_INPUT_RES_WIDTH11_OUTPUT_RES_WIDTH11_ipc_mult_block_6_5_6
(23 159)
 Performing Logic Optimization
 Optimizing Design
Cal_DATA_WIDTH16_ADDRESS_WIDTH11_SCALE_FRAC_WIDTH6_SCALE_INT_WIDTH2_INPUT_RES_WIDTH11_OUTPUT_RES_WIDTH11_ipc_mult_block_7_6_7
(24 159)
 Optimizing Design
Cal_DATA_WIDTH16_ADDRESS_WIDTH11_SCALE_FRAC_WIDTH6_SCALE_INT_WIDTH2_INPUT_RES_WIDTH11_OUTPUT_RES_WIDTH11_ipc_mult_block_6_6_8
(25 159)
 Performing Logic Optimization
 Optimizing Design
Cal_DATA_WIDTH16_ADDRESS_WIDTH11_SCALE_FRAC_WIDTH6_SCALE_INT_WIDTH2_INPUT_RES_WIDTH11_OUTPUT_RES_WIDTH11_ipc_mult_block_6_6_9
(26 159)
 Performing Logic Optimization
 Optimizing Design
Cal_DATA_WIDTH16_ADDRESS_WIDTH11_SCALE_FRAC_WIDTH6_SCALE_INT_WIDTH2_INPUT_RES_WIDTH11_OUTPUT_RES_WIDTH11_ipc_mult_block_6_6_10
(27 159)
 Performing Logic Optimization
 Optimizing Design
Cal_DATA_WIDTH16_ADDRESS_WIDTH11_SCALE_FRAC_WIDTH6_SCALE_INT_WIDTH2_INPUT_RES_WIDTH11_OUTPUT_RES_WIDTH11_ipc_mult_block_7_5_11
(28 159)
 Performing Logic Optimization
 Optimizing Design
Cal_DATA_WIDTH16_ADDRESS_WIDTH11_SCALE_FRAC_WIDTH6_SCALE_INT_WIDTH2_INPUT_RES_WIDTH11_OUTPUT_RES_WIDTH11_ipc_mult_block_6_5_12
(29 159)
 Performing Logic Optimization
 Optimizing Design
Cal_DATA_WIDTH16_ADDRESS_WIDTH11_SCALE_FRAC_WIDTH6_SCALE_INT_WIDTH2_INPUT_RES_WIDTH11_OUTPUT_RES_WIDTH11_ipc_mult_block_6_5_13
(30 159)
 Performing Logic Optimization
 Optimizing Design
Cal_DATA_WIDTH16_ADDRESS_WIDTH11_SCALE_FRAC_WIDTH6_SCALE_INT_WIDTH2_INPUT_RES_WIDTH11_OUTPUT_RES_WIDTH11_ipc_mult_block_6_5_14
(31 159)
 Performing Logic Optimization
 Optimizing Design
inputCtrl_DATA_WIDTH16_INPUT_RES_WIDTH11_SCALE_FRAC_WIDTH6_SCALE_INT_WIDTH2_ADDRESS_WIDTH11_ipc_sub_block_11_119
(32 159)
 Performing Logic Optimization
 Optimizing Design
inputCtrl_DATA_WIDTH16_INPUT_RES_WIDTH11_SCALE_FRAC_WIDTH6_SCALE_INT_WIDTH2_ADDRESS_WIDTH11_ipc_sub_block_11_121
(33 159)
 Performing Logic Optimization
 Optimizing Design
inputCtrl_DATA_WIDTH16_INPUT_RES_WIDTH11_SCALE_FRAC_WIDTH6_SCALE_INT_WIDTH2_ADDRESS_WIDTH11_ipc_sub_block_11_123
(34 159)
 Performing Logic Optimization
 Optimizing Design
inputCtrl_DATA_WIDTH16_INPUT_RES_WIDTH11_SCALE_FRAC_WIDTH6_SCALE_INT_WIDTH2_ADDRESS_WIDTH11_ipc_sub_block_11_125
(35 159)
 Performing Logic Optimization
 Optimizing Design
inputCtrl_DATA_WIDTH16_INPUT_RES_WIDTH11_SCALE_FRAC_WIDTH6_SCALE_INT_WIDTH2_ADDRESS_WIDTH11_ipc_add_block_17_11
(36 159)
 Performing Logic Optimization
 Optimizing Design
inputCtrl_DATA_WIDTH16_INPUT_RES_WIDTH11_SCALE_FRAC_WIDTH6_SCALE_INT_WIDTH2_ADDRESS_WIDTH11_ipc_add_block_17_12
(37 159)
 Performing Logic Optimization
 Optimizing Design
inputCtrl_DATA_WIDTH16_INPUT_RES_WIDTH11_SCALE_FRAC_WIDTH6_SCALE_INT_WIDTH2_ADDRESS_WIDTH11_ipc_add_block_11_13
(38 159)
 Performing Logic Optimization
 Optimizing Design
inputCtrl_DATA_WIDTH16_INPUT_RES_WIDTH11_SCALE_FRAC_WIDTH6_SCALE_INT_WIDTH2_ADDRESS_WIDTH11_ipc_add_block_11_14
(39 159)
 Performing Logic Optimization
 Optimizing Design
inputCtrl_DATA_WIDTH16_INPUT_RES_WIDTH11_SCALE_FRAC_WIDTH6_SCALE_INT_WIDTH2_ADDRESS_WIDTH11_ipc_add_block_11_15
(40 159)
 Performing Logic Optimization
 Optimizing Design
coefCal_INPUT_RES_WIDTH11_OUTPUT_RES_WIDTH11_SCALE_BITS8_ipc_sub_block_12_50
(41 159)
 Performing Logic Optimization
 Optimizing Design
coefCal_INPUT_RES_WIDTH11_OUTPUT_RES_WIDTH11_SCALE_BITS8_ipc_sub_block_12_51
(42 159)
 Performing Logic Optimization
 Optimizing Design
coefCal_INPUT_RES_WIDTH11_OUTPUT_RES_WIDTH11_SCALE_BITS8_ipc_sub_block_33_52
(43 159)
 Optimizing Design
coefCal_INPUT_RES_WIDTH11_OUTPUT_RES_WIDTH11_SCALE_BITS8_ipc_add_block_11_0
(44 159)
 Performing Logic Optimization
 Optimizing Design
coefCal_INPUT_RES_WIDTH11_OUTPUT_RES_WIDTH11_SCALE_BITS8_ipc_add_block_11_1
(45 159)
 Performing Logic Optimization
 Optimizing Design
coefCal_INPUT_RES_WIDTH11_OUTPUT_RES_WIDTH11_SCALE_BITS8_ipc_add_block_8_2
(46 159)
 Optimizing Design
coefCal_INPUT_RES_WIDTH11_OUTPUT_RES_WIDTH11_SCALE_BITS8_ipc_add_block_8_3
(47 159)
 Performing Logic Optimization
 Optimizing Design
coefCal_INPUT_RES_WIDTH11_OUTPUT_RES_WIDTH11_SCALE_BITS8_ipc_mult_block_11_9_0
(48 159)
 Optimizing Design
coefCal_INPUT_RES_WIDTH11_OUTPUT_RES_WIDTH11_SCALE_BITS8_ipc_mult_block_11_20_1
(49 159)
 Optimizing Design mdivider_2_ipc_sub_block_17_0 (50 159)
 Optimizing Design mdivider_2_ipc_sub_block_17_1 (51 159)
 Optimizing Design mdivider_2_ipc_sub_block_17_2 (52 159)
 Performing Logic Optimization
 Optimizing Design mdivider_2_ipc_sub_block_17_3 (53 159)
 Performing Logic Optimization
 Optimizing Design mdivider_2_ipc_sub_block_17_4 (54 159)
 Performing Logic Optimization
 Optimizing Design mdivider_2_ipc_sub_block_17_5 (55 159)
 Performing Logic Optimization
 Optimizing Design mdivider_2_ipc_sub_block_17_6 (56 159)
 Performing Logic Optimization
 Optimizing Design mdivider_2_ipc_sub_block_17_7 (57 159)
 Performing Logic Optimization
 Optimizing Design mdivider_2_ipc_sub_block_17_8 (58 159)
 Performing Logic Optimization
 Optimizing Design mdivider_2_ipc_sub_block_17_9 (59 159)
 Performing Logic Optimization
 Optimizing Design mdivider_2_ipc_sub_block_17_10 (60 159)
 Performing Logic Optimization
 Optimizing Design mdivider_2_ipc_sub_block_17_11 (61 159)
 Performing Logic Optimization
 Optimizing Design mdivider_2_ipc_sub_block_17_12 (62 159)
 Performing Logic Optimization
 Optimizing Design mdivider_2_ipc_sub_block_17_13 (63 159)
 Performing Logic Optimization
 Optimizing Design mdivider_2_ipc_sub_block_17_14 (64 159)
 Performing Logic Optimization
 Optimizing Design mdivider_2_ipc_sub_block_17_16 (65 159)
 Optimizing Design mdivider_2_ipc_sub_block_17_18 (66 159)
 Optimizing Design mdivider_2_ipc_sub_block_17_20 (67 159)
 Performing Logic Optimization
 Optimizing Design mdivider_2_ipc_sub_block_17_22 (68 159)
 Performing Logic Optimization
 Optimizing Design mdivider_2_ipc_sub_block_17_24 (69 159)
 Performing Logic Optimization
 Optimizing Design mdivider_2_ipc_sub_block_17_26 (70 159)
 Performing Logic Optimization
 Optimizing Design mdivider_2_ipc_sub_block_17_28 (71 159)
 Performing Logic Optimization
 Optimizing Design mdivider_2_ipc_sub_block_17_30 (72 159)
 Performing Logic Optimization
 Optimizing Design mdivider_2_ipc_sub_block_17_32 (73 159)
 Performing Logic Optimization
 Optimizing Design mdivider_2_ipc_sub_block_17_34 (74 159)
 Performing Logic Optimization
 Optimizing Design mdivider_2_ipc_sub_block_17_36 (75 159)
 Performing Logic Optimization
 Optimizing Design mdivider_2_ipc_sub_block_17_38 (76 159)
 Performing Logic Optimization
 Optimizing Design mdivider_2_ipc_sub_block_17_40 (77 159)
 Performing Logic Optimization
 Optimizing Design mdivider_2_ipc_sub_block_17_42 (78 159)
 Performing Logic Optimization
 Optimizing Design mdivider_2_ipc_sub_block_17_44 (79 159)
 Performing Logic Optimization
 Optimizing Design mdivider_2_ipc_sub_block_17_46 (80 159)
 Performing Logic Optimization
 Optimizing Design mdivider_2_ipc_sub_block_17_48 (81 159)
 Performing Logic Optimization
 Optimizing Design mdivider_1_ipc_sub_block_17_54 (82 159)
 Performing Logic Optimization
 Optimizing Design mdivider_1_ipc_sub_block_17_55 (83 159)
 Performing Logic Optimization
 Optimizing Design mdivider_1_ipc_sub_block_17_56 (84 159)
 Performing Logic Optimization
 Optimizing Design mdivider_1_ipc_sub_block_17_57 (85 159)
 Performing Logic Optimization
 Optimizing Design mdivider_1_ipc_sub_block_17_58 (86 159)
 Performing Logic Optimization
 Optimizing Design mdivider_1_ipc_sub_block_17_59 (87 159)
 Performing Logic Optimization
 Optimizing Design mdivider_1_ipc_sub_block_17_60 (88 159)
 Performing Logic Optimization
 Optimizing Design mdivider_1_ipc_sub_block_17_61 (89 159)
 Performing Logic Optimization
 Optimizing Design mdivider_1_ipc_sub_block_17_62 (90 159)
 Performing Logic Optimization
 Optimizing Design mdivider_1_ipc_sub_block_17_63 (91 159)
 Performing Logic Optimization
 Optimizing Design mdivider_1_ipc_sub_block_17_64 (92 159)
 Performing Logic Optimization
 Optimizing Design mdivider_1_ipc_sub_block_17_65 (93 159)
 Performing Logic Optimization
 Optimizing Design mdivider_1_ipc_sub_block_17_66 (94 159)
 Performing Logic Optimization
 Optimizing Design mdivider_1_ipc_sub_block_17_67 (95 159)
 Performing Logic Optimization
 Optimizing Design mdivider_1_ipc_sub_block_17_68 (96 159)
 Performing Logic Optimization
 Optimizing Design mdivider_1_ipc_sub_block_17_70 (97 159)
 Performing Logic Optimization
 Optimizing Design mdivider_1_ipc_sub_block_17_72 (98 159)
 Performing Logic Optimization
 Optimizing Design mdivider_1_ipc_sub_block_17_74 (99 159)
 Performing Logic Optimization
 Optimizing Design mdivider_1_ipc_sub_block_17_76 (100 159)
 Performing Logic Optimization
 Optimizing Design mdivider_1_ipc_sub_block_17_78 (101 159)
 Performing Logic Optimization
 Optimizing Design mdivider_1_ipc_sub_block_17_80 (102 159)
 Performing Logic Optimization
 Optimizing Design mdivider_1_ipc_sub_block_17_82 (103 159)
 Performing Logic Optimization
 Optimizing Design mdivider_1_ipc_sub_block_17_84 (104 159)
 Performing Logic Optimization
 Optimizing Design mdivider_1_ipc_sub_block_17_86 (105 159)
 Performing Logic Optimization
 Optimizing Design mdivider_1_ipc_sub_block_17_88 (106 159)
 Performing Logic Optimization
 Optimizing Design mdivider_1_ipc_sub_block_17_90 (107 159)
 Performing Logic Optimization
 Optimizing Design mdivider_1_ipc_sub_block_17_92 (108 159)
 Performing Logic Optimization
 Optimizing Design mdivider_1_ipc_sub_block_17_94 (109 159)
 Performing Logic Optimization
 Optimizing Design mdivider_1_ipc_sub_block_17_96 (110 159)
 Performing Logic Optimization
 Optimizing Design mdivider_1_ipc_sub_block_17_98 (111 159)
 Performing Logic Optimization
 Optimizing Design mdivider_1_ipc_sub_block_17_100 (112 159)
 Performing Logic Optimization
 Optimizing Design mdivider_1_ipc_sub_block_17_102 (113 159)
 Performing Logic Optimization
0
0
0
0
*******************************************************************************
* Report  : Report for agate                                                  *
* Command : report_for_agate -all                                             *
* Design  : scaler                                                            *
* Version : 2014.0903.eng                                                     *
* Date    : 5:00 PM, 19-Apr-15                                                *
*******************************************************************************
*******************************************************************************
* Synthesis Options Summary                                                   *
*******************************************************************************
--- Source Parameters
Input File Name                    : /cygdrive/f/capital_micro/primace7.3/bin/dachuang/final_scaler_v3/outputs/../src/scaler1.0.v
Input Format                       : verilog
Ignore Synthesis Constraint File   : ---
--- Target Parameters
Output File Name                   : ./scaler.asv
Output Format                      : verilog
Target Device                      : cswitch_typical
--- set_agate_option
-keep_mux                          : false
-flatten_const_cmp                 : true
-flatten_const_adder               : false
-flatten_const_mult                : true
-opt_bdry_cmp                      : false
-opt_bdry_adder                    : false
-carry_chain                       : true
-sweep_boundary                    : true
-extract_ram                       : true
-extract_rom                       : false
-push_register                     : false
-mux_register_map                  : false
-keep_mult                         : true
-keep_sum                          : true
--- Source Options
Top Module Name                    : scaler
Automatic FSM Extraction           : no
FSM Encoding Algorithm             : ---
Safe Implementation                : ---
FSM Style                          : ---
RAM Extraction                     : yes
RAM Style                          : ---
ROM Extraction                     : no
ROM Style                          : ---
MUX Extraction                     : no
MUX Style                          : ---
MULT Extraction                    : yes
MULT Style                         : ---
SUM Extraction                     : yes
SUM Style                          : ---
Decoder Extraction                 : no
Priority Encoder Extraction        : no
Shift Register Extraction          : no
Logical Shifter Extraction         : no
XOR Collapsing                     : no
Resource Sharing                   : yes
Asynchronous To Synchronous        : yes
Use DSP Block                      : no
Automatic Register Balancing       : no
--- Target Options
Add IO Buffers                     : no
Global Maximum Fanout              : unlimited
Add Generic Clock Buffer(BUFG)     : no
Register Duplication               : no
Slice Packing                      : ---
Optimize Instantiated Primitives   : ---
Use Clock Enable                   : no
Use Synchronous Set                : no
Use Synchronous Reset              : no
Pack IO Registers into IOBs        : no
Equivalent Register Removal        : no
--- Generic Options
Optimization Goal                  : timing
Optimization Effort                : high
Power Reduction                    : no
Library Search Order               : .
Keep Hierarchy                     : no
RTL Output                         : no
Global Optimization                : ---
Read Cores                         : ---
Write Timing Constraints           : ---
Cross Clock Analysis               : ---
Hierarchy Separator                : /
Bus Delimiter                      : :
Case Specifier                     : ---
Slice Utilization Ratio            : ---
BRAM Utilization Ratio             : ---
DSP48 Utilization Ratio            : ---
Verilog 2001                       : yes
Auto BRAM Packing                  : no
Slice Utilization Ratio Delta      : ---
*******************************************************************************
* Advanced HDL Synthesis                                                      *
*******************************************************************************
*******************************************************************************
* IPC block Summary                                                           *
*******************************************************************************
Add/Sub Block                      : 97 11-bit adder                   : 9 11-bit comparator              : 8 12-bit subtractor              : 6 17-bit adder                   : 4 17-bit comparator              : 34 17-bit subtractor              : 30 33-bit comparator              : 1 7-bit adder                    : 1 7-bit subtractor               : 2 8-bit adder                    : 2
Multiply Block                     : 15 11x20 multiplier               : 1 11x9 multiplier                : 1 6x5 multiplier                 : 6 6x6 multiplier                 : 4 7x5 multiplier                 : 2 7x6 multiplier                 : 1
0
Memory Usage: peak is 84.403M, current is 92.075M   
0
Warning/Error message (message ID)                                     Number
-----------------------------------------------------------------------------
WARNING:                                              (GET_WARN_3)         24
No  matches search pattern ""
WARNING:                                              (CHKDSG_002)         10
Net '' in design '' is connected to more than one pin,  and , of cell ''.
WARNING:                                              (CHKDSG_004)          1
 more net(s) in design '' are connected to more than one pin of cells
WARNING:                                            (NTL_WARN_043)          2
Instantiating black box module ''.
WARNING:                                            (NTL_WARN_037)         76
 port '' width in design '' is unmatched with the cell '' port width.
WARNING:                                            (NTL_WARN_038)         10
 (cell: ) in design '' has  open port(s).
WARNING:                                            (NTL_WARN_039)        612
Open  port ''.
WARNING:                                               (OPT_W_005)        137
Register '' in '' is removed due to non-observable output.
WARNING:                                               (OPT_W_008)          9
Combinational loop is detected in design '' and is cut at net ''.
WARNING:                                               (OPT_W_018)         45
Instance '' of design '' in '' is removed due to non-observable output.
WARNING:                                           (RTLW_XSYN_001)          2
WARNING:                                         (RTLW_MISSEN_001)         15
WARNING:                                           (RTLW_IPCK_001)          8
WARNING:                                          (RTLW_ASYNL_001)         58
WARNING:                                         (RTLW_MXASGN_001)          4
WARNING:                                     (RTLW_XASYNCINIT_001)         72
-----------------------------------------------------------------------------
Errors: 0, Warnings: 1085
CPU time: 20.95 sec
Quit ic_shell.  Thank you!
